version: 1.0

imports:
  - inner.yaml

ide: QDJVM

linter: jetbrains/qodana-jvm:latest

include:
  # from root
  - name: InspectionA
  - name: InspectionB #from root

#this is a failure conditions section
failureConditions:
  # this is a severityThresholds section
  severityThresholds:
    any: 1 #from root
    critical: 2 # from root